Statement for BigCo
  Hamlet: $650.00 (55 seats)
  Hamlet: $450.00 (35 seats)
Amount owed is $1,100.00
You earned 30 credits
